CUDA: 500/8500
CUDA: 1000/8500
CUDA: 1500/8500
CUDA: 2000/8500
CUDA: 2500/8500
CUDA: 3000/8500
CUDA: 3500/8500
CUDA: 4000/8500
CUDA: 4500/8500
CUDA: 5000/8500
CUDA: 5500/8500
CUDA: 6000/8500
CUDA: 6500/8500
CUDA: 7000/8500
CUDA: 7500/8500
CUDA: 8000/8500
CUDA: 8500/8500
{
  "manifest": {
    "model": "kaiyuy/leandojo-lean4-retriever-byt5-small",
    "export": "kaiyuy/ct2-leandojo-lean4-retriever-byt5-small",
    "revision": "8612469b496b72bdb2f0d6ccd5316c100200581e",
    "checksums": {
      "model.bin": "311e636b7479e97236de85f5271f2b045e1e40a1de5a431df03b050b2176f827",
      "config.json": "d3b27bd603df8fb368c641042d2f280d6821066a433f497aa24a2758cc49497c",
      "vocabulary.json": "60259dce54d4677a043dbadcedb27916fa934567c01a796124dec71bf23a3e09"
    },
    "ctranslate2": "4.8.2",
    "compute_type": "int8_float32",
    "tokenization": "UTF-8 bytes +3, append EOS=1, reject >1024 tokens",
    "pooling": "nonpadding mean including EOS, then L2 normalize",
    "dimension": 1472,
    "device": "cuda",
    "output_transfer": "StorageView.to_device(Device.cpu), original NumPy pooling",
    "numpy": "2.5.3",
    "source_hashes": {
      "reprover": "b7fb9e6cb7ad3905bcac28430f50fb3683f297da260cd3bda1577133ff65c339",
      "transport": "72d5cdd20d78515618f28c26f6f2c9b4a365b57085ac12faa1c6b087b5563e51",
      "gpu_encoder": "a48f5ce13a15efdce4a7672ff0a8170e2dd39032a616f43afa530fc7d173f632"
    },
    "input_sha256": "b8c2cb31158b0c81de5be309773a9cd7b66eafcce8bb2018658ff0acea478ec5",
    "plan_sha256": "6ff72fb2ebdb889d6ac9bcb94fe1560a5c62c6b0bddc32e0a60335db4bb7127e"
  },
  "count": 8500,
  "seconds_including_checkpoints": 54.194924766999975,
  "texts_per_second_including_checkpoints": 156.8412547216186,
  "vectors_sha256": "a2be3c9e6eeb6b380c3f9b698d36e3746e526d10e503bdf439fc8de612157791"
}
